update text .... what kind happen of that
